// Jest Snapshot v1, https://goo.gl/fbAQLP

exports[`Renders when the array is empty 1`] = `
<div>
  <h1>
    Preparing for take off
  </h1>
</div>
`;
